
> klyra@0.1.0 build
> next build

   ▲ Next.js 15.5.0

   Creating an optimized production build ...
 ✓ Compiled successfully in 13.9s
   Linting and checking validity of types ...
   Collecting page data ...
   Generating static pages (0/7) ...
   Generating static pages (1/7) 
   Generating static pages (3/7) 
   Generating static pages (5/7) 
 ✓ Generating static pages (7/7)
   Finalizing page optimization ...
   Collecting build traces ...

Route (app)                                 Size  First Load JS
┌ ○ /                                      41 kB         153 kB
├ ○ /_not-found                            994 B         103 kB
├ ○ /auth                                 9.2 kB         117 kB
├ ○ /dashboard                           41.1 kB         158 kB
└ ○ /forgot-password                     3.67 kB         106 kB
+ First Load JS shared by all             102 kB
  ├ chunks/255-01c481785f268126.js       45.7 kB
  ├ chunks/4bd1b696-c023c6e3521b1417.js  54.2 kB
  └ other shared chunks (total)             2 kB


○  (Static)  prerendered as static content

